../Core/Src/main.c:66:6:cleanRGB_LEDColor	16	static
../Core/Src/main.c:80:6:setRGB_LEDColor	24	static
../Core/Src/main.c:97:6:PWM_Set	48	static
../Core/Src/main.c:119:5:main	8	static
../Core/Src/main.c:182:6:SystemClock_Config	88	static
../Core/Src/main.c:225:13:MX_ADC1_Init	24	static
../Core/Src/main.c:272:13:MX_ADC2_Init	24	static
../Core/Src/main.c:319:13:MX_TIM1_Init	96	static
../Core/Src/main.c:394:13:MX_GPIO_Init	40	static
../Core/Src/main.c:451:6:HAL_GPIO_EXTI_Callback	16	static
../Core/Src/main.c:463:6:HAL_ADC_ConvCpltCallback	16	static
../Core/Src/main.c:477:6:Error_Handler	4	static,ignoring_inline_asm
