../Core/Src/main.c:63:6:cleanRGB_LEDColor	16	static
../Core/Src/main.c:77:6:setRGB_LEDColor	24	static
../Core/Src/main.c:102:5:main	8	static
../Core/Src/main.c:160:6:SystemClock_Config	88	static
../Core/Src/main.c:203:13:MX_ADC1_Init	24	static
../Core/Src/main.c:250:13:MX_ADC2_Init	24	static
../Core/Src/main.c:297:13:MX_GPIO_Init	40	static
../Core/Src/main.c:354:6:HAL_GPIO_EXTI_Callback	16	static
../Core/Src/main.c:366:6:HAL_ADC_ConvCpltCallback	16	static
../Core/Src/main.c:380:6:Error_Handler	4	static,ignoring_inline_asm
